// Jest Snapshot v1, https://goo.gl/fbAQLP

exports[`AttachedModalContextProvider renders without crashing 1`] = `
<body>
  <div>
    <div>
      Test Child
    </div>
  </div>
</body>
`;
